ac
aesni_intel
af_alg
algif_hash
algif_skcipher
amd_atl
amd_pmc
amd_pmf
amd_sfh
amdgpu
amdtee
amdxcp
ath11k
ath11k_pci
autofs4
battery
binfmt_misc
bluetooth
bnep
bridge
btbcm
btintel
btmtk
btrtl
btusb
button
ccp
cec
cfg80211
configfs
crc16
crc32c_cryptoapi
dm_mod
drm
drm_buddy
drm_client_lib
drm_display_helper
drm_exec
drm_kms_helper
drm_panel_backlight_quirks
drm_suballoc_helper
drm_ttm_helper
dummy
ecdh_generic
edac_mce_amd
efi_pstore
efivarfs
evdev
ext4
fan
fat
firmware_attributes_class
gf128mul
gpu_sched
hid
hid_generic
hid_multitouch
i2c_algo_bit
i2c_dev
i2c_hid
i2c_hid_acpi
i2c_piix4
i2c_smbus
inet_diag
intel_rapl_common
intel_rapl_msr
ip6_udp_tunnel
ip6t_REJECT
ip6t_rt
ip_set
ipt_REJECT
irqbypass
jbd2
joydev
k10temp
kvm
kvm_amd
libarc4
libchacha
libchacha20poly1305
libcurve25519
libpoly1305
llc
loop
lp
mac80211
mbcache
mc
mhi
msr
nf_conntrack
nf_defrag_ipv4
nf_defrag_ipv6
nf_log_syslog
nf_nat
nf_reject_ipv4
nf_reject_ipv6
nf_tables
nfnetlink
nft_chain_nat
nft_compat
nft_ct
nft_fib
nft_fib_ipv4
nft_limit
nls_ascii
nls_cp437
nvme
nvme_auth
nvme_core
nvme_keyring
nvram
overlay
parport
parport_pc
pcspkr
phy_package
ppdev
psmouse
qmi_helpers
qrtr
qrtr_mhi
r8169
rapl
rc_core
realtek
rfcomm
rfkill
roles
scsi_common
scsi_mod
sd_mod
serio_raw
snd
snd_acp_config
snd_acp_legacy_common
snd_acp_pci
snd_amd_acpi_mach
snd_amd_sdw_acpi
snd_compress
snd_ctl_led
snd_hda_codec
snd_hda_codec_alc269
snd_hda_codec_atihdmi
snd_hda_codec_generic
snd_hda_codec_hdmi
snd_hda_codec_realtek_lib
snd_hda_core
snd_hda_intel
snd_hda_scodec_component
snd_hrtimer
snd_hwdep
snd_intel_dspcfg
snd_intel_sdw_acpi
snd_pci_acp3x
snd_pci_acp5x
snd_pci_acp6x
snd_pci_ps
snd_pcm
snd_pcm_dmaengine
snd_ps_pdm_dma
snd_rn_pci_acp3x
snd_seq
snd_seq_device
snd_seq_dummy
snd_soc_acpi
snd_soc_acpi_amd_match
snd_soc_acpi_amd_sdca_quirks
snd_soc_core
snd_soc_dmic
snd_soc_ps_mach
snd_soc_sdca
snd_sof
snd_sof_amd_acp
snd_sof_amd_rembrandt
snd_sof_pci
snd_sof_utils
snd_sof_xtensa_dsp
snd_timer
soundcore
soundwire_amd
soundwire_bus
soundwire_generic_allocation
sp5100_tco
sparse_keymap
spd5118
squashfs
stp
sunrpc
tcp_diag
tee
think_lmi
thinkpad_acpi
thunderbolt
ttm
typec
typec_ucsi
ucsi_acpi
udp_diag
udp_tunnel
usb_common
usbcore
uvc
uvcvideo
vfat
video
videobuf2_common
videobuf2_memops
videobuf2_v4l2
videobuf2_vmalloc
videodev
vmwgfx
watchdog
wireguard
wmi
wmi_bmof
x_tables
xfrm_algo
xfrm_user
xhci_hcd
xhci_pci
xt_LOG
xt_MASQUERADE
xt_addrtype
xt_conntrack
xt_hl
xt_limit
xt_recent
xt_set
xt_tcpudp
